  復元対象のプロジェクトを決定しています...
  復元対象のすべてのプロジェクトは最新です。
C:\Projects\Luno-Editor\Luno\MainWindow.xaml.cs(134,22): warning CS8602: null 参照の可能性があるものの逆参照です。 [C:\Projects\Luno-Editor\Luno\Luno_2j0qbidp_wpftmp.csproj]
C:\Projects\Luno-Editor\Luno\Core\Editor\LunoEditor.cs(242,30): error CS0029: 型 'System.Windows.Media.Color' を 'System.Windows.Media.Brush' に暗黙的に変換できません [C:\Projects\Luno-Editor\Luno\Luno_2j0qbidp_wpftmp.csproj]
C:\Projects\Luno-Editor\Luno\Core\Editor\LunoEditor.cs(265,53): error CS0029: 型 'System.Windows.Media.Color' を 'System.Windows.Media.Brush' に暗黙的に変換できません [C:\Projects\Luno-Editor\Luno\Luno_2j0qbidp_wpftmp.csproj]
C:\Projects\Luno-Editor\Luno\Core\Editor\LunoEditor.cs(277,49): error CS0029: 型 'System.Windows.Media.Color' を 'System.Windows.Media.Brush' に暗黙的に変換できません [C:\Projects\Luno-Editor\Luno\Luno_2j0qbidp_wpftmp.csproj]
C:\Projects\Luno-Editor\Luno\MainWindow.xaml.cs(598,9): error CS0103: 現在のコンテキストに '_lastSearchText' という名前は存在しません [C:\Projects\Luno-Editor\Luno\Luno_2j0qbidp_wpftmp.csproj]
C:\Projects\Luno-Editor\Luno\obj\Debug\net10.0-windows\GeneratedInternalTypeHelper.g.cs(47,39): warning IL2075: 'this' argument does not satisfy 'DynamicallyAccessedMemberTypes.PublicConstructors', 'DynamicallyAccessedMemberTypes.NonPublicConstructors', 'DynamicallyAccessedMemberTypes.PublicMethods', 'DynamicallyAccessedMemberTypes.NonPublicMethods', 'DynamicallyAccessedMemberTypes.PublicFields', 'DynamicallyAccessedMemberTypes.NonPublicFields', 'DynamicallyAccessedMemberTypes.PublicProperties', 'DynamicallyAccessedMemberTypes.NonPublicProperties' in call to 'System.Type.InvokeMember(String, BindingFlags, Binder, Object, Object[], CultureInfo)'. The return value of method 'System.Object.GetType()' does not have matching annotations. The source value must declare at least the same requirements as those declared on the target location it is assigned to. [C:\Projects\Luno-Editor\Luno\Luno_2j0qbidp_wpftmp.csproj]
C:\Projects\Luno-Editor\Luno\obj\Debug\net10.0-windows\GeneratedInternalTypeHelper.g.cs(25,20): warning IL2067: 'type' argument does not satisfy 'DynamicallyAccessedMemberTypes.PublicParameterlessConstructor', 'DynamicallyAccessedMemberTypes.NonPublicConstructors' in call to 'System.Activator.CreateInstance(Type, BindingFlags, Binder, Object[], CultureInfo)'. The parameter 'type' of method 'XamlGeneratedNamespace.GeneratedInternalTypeHelper.CreateInstance(Type, CultureInfo)' does not have matching annotations. The source value must declare at least the same requirements as those declared on the target location it is assigned to. [C:\Projects\Luno-Editor\Luno\Luno_2j0qbidp_wpftmp.csproj]

ビルドに失敗しました。

C:\Projects\Luno-Editor\Luno\MainWindow.xaml.cs(134,22): warning CS8602: null 参照の可能性があるものの逆参照です。 [C:\Projects\Luno-Editor\Luno\Luno_2j0qbidp_wpftmp.csproj]
C:\Projects\Luno-Editor\Luno\obj\Debug\net10.0-windows\GeneratedInternalTypeHelper.g.cs(47,39): warning IL2075: 'this' argument does not satisfy 'DynamicallyAccessedMemberTypes.PublicConstructors', 'DynamicallyAccessedMemberTypes.NonPublicConstructors', 'DynamicallyAccessedMemberTypes.PublicMethods', 'DynamicallyAccessedMemberTypes.NonPublicMethods', 'DynamicallyAccessedMemberTypes.PublicFields', 'DynamicallyAccessedMemberTypes.NonPublicFields', 'DynamicallyAccessedMemberTypes.PublicProperties', 'DynamicallyAccessedMemberTypes.NonPublicProperties' in call to 'System.Type.InvokeMember(String, BindingFlags, Binder, Object, Object[], CultureInfo)'. The return value of method 'System.Object.GetType()' does not have matching annotations. The source value must declare at least the same requirements as those declared on the target location it is assigned to. [C:\Projects\Luno-Editor\Luno\Luno_2j0qbidp_wpftmp.csproj]
C:\Projects\Luno-Editor\Luno\obj\Debug\net10.0-windows\GeneratedInternalTypeHelper.g.cs(25,20): warning IL2067: 'type' argument does not satisfy 'DynamicallyAccessedMemberTypes.PublicParameterlessConstructor', 'DynamicallyAccessedMemberTypes.NonPublicConstructors' in call to 'System.Activator.CreateInstance(Type, BindingFlags, Binder, Object[], CultureInfo)'. The parameter 'type' of method 'XamlGeneratedNamespace.GeneratedInternalTypeHelper.CreateInstance(Type, CultureInfo)' does not have matching annotations. The source value must declare at least the same requirements as those declared on the target location it is assigned to. [C:\Projects\Luno-Editor\Luno\Luno_2j0qbidp_wpftmp.csproj]
C:\Projects\Luno-Editor\Luno\Core\Editor\LunoEditor.cs(242,30): error CS0029: 型 'System.Windows.Media.Color' を 'System.Windows.Media.Brush' に暗黙的に変換できません [C:\Projects\Luno-Editor\Luno\Luno_2j0qbidp_wpftmp.csproj]
C:\Projects\Luno-Editor\Luno\Core\Editor\LunoEditor.cs(265,53): error CS0029: 型 'System.Windows.Media.Color' を 'System.Windows.Media.Brush' に暗黙的に変換できません [C:\Projects\Luno-Editor\Luno\Luno_2j0qbidp_wpftmp.csproj]
C:\Projects\Luno-Editor\Luno\Core\Editor\LunoEditor.cs(277,49): error CS0029: 型 'System.Windows.Media.Color' を 'System.Windows.Media.Brush' に暗黙的に変換できません [C:\Projects\Luno-Editor\Luno\Luno_2j0qbidp_wpftmp.csproj]
C:\Projects\Luno-Editor\Luno\MainWindow.xaml.cs(598,9): error CS0103: 現在のコンテキストに '_lastSearchText' という名前は存在しません [C:\Projects\Luno-Editor\Luno\Luno_2j0qbidp_wpftmp.csproj]
    3 個の警告
    4 エラー

経過時間 00:00:03.81
